// Jest Snapshot v1, https://goo.gl/fbAQLP

exports[`should collect data 1`] = `
Object {
  "collectedEntities": Array [
    Object {
      "_class": Array [
        "Account",
      ],
      "_key": "acme-unique-account-id",
      "_rawData": Array [
        Object {
          "name": "default",
          "rawData": Object {
            "id": "acme-unique-account-id",
            "name": "Example Co. Acme Account",
          },
        },
      ],
      "_type": "rapid7_account",
      "createdOn": undefined,
      "displayName": "Example Co. Acme Account",
      "id": "acme-unique-account-id",
      "mfaEnabled": true,
      "name": "Example Co. Acme Account",
    },
    Object {
      "_class": Array [
        "User",
      ],
      "_key": "cd29ae9e-c734-4746-8f8f-228e74f08928",
      "_rawData": Array [
        Object {
          "name": "default",
          "rawData": Object {
            "email": "teemu@creativice.com",
            "federated": false,
            "first_name": "Teemu",
            "id": "cd29ae9e-c734-4746-8f8f-228e74f08928",
            "last_login": "2020-08-21T07:51:16Z",
            "last_name": "Hirvonen",
            "platform_admin": true,
            "status": "ACTIVE",
            "timezone": "UTC",
          },
        },
      ],
      "_type": "rapid7_user",
      "active": false,
      "createdOn": undefined,
      "displayName": "Teemu Hirvonen",
      "email": "teemu@creativice.com",
      "firstName": "Teemu",
      "id": "cd29ae9e-c734-4746-8f8f-228e74f08928",
      "lastName": "Hirvonen",
      "name": "Teemu Hirvonen",
      "status": "ACTIVE",
      "username": "teemu@creativice.com",
    },
  ],
  "collectedRelationships": Array [
    Object {
      "_class": "HAS",
      "_fromEntityKey": "acme-unique-account-id",
      "_key": "acme-unique-account-id|has|cd29ae9e-c734-4746-8f8f-228e74f08928",
      "_toEntityKey": "cd29ae9e-c734-4746-8f8f-228e74f08928",
      "_type": "rapid7_account_has_user",
      "displayName": "HAS",
    },
  ],
  "encounteredTypes": Array [
    "rapid7_account",
    "rapid7_user",
    "rapid7_account_has_user",
  ],
  "numCollectedEntities": 2,
  "numCollectedRelationships": 1,
}
`;
